[probe] probe-live start 2026-09-21 08:57:19; os=Microsoft Windows NT 10.0.26200.0; machine=MINIBOOKX
[probe] sample exe: samples/Trustsoft.NotifyIcon.Sample/bin/Release/net8.0-windows/Trustsoft.NotifyIcon.Sample.exe
[probe] observe: 75s; kill-after: no; sample args: --run-seconds 150 --show-balloon-after 55 --open-menu-after 68
[probe] launched pid=22060
sample| [sample] process DPI awareness: GetProcessDpiAwareness=0x00000000 value=2 (DPI_AWARENESS_PER_MONITOR_AWARE); threadContextAwareness=2 (DPI_AWARENESS_PER_MONITOR_AWARE) isPerMonitorV2=True.
sample| [sample] display configuration: monitors=1 virtualScreen=0,0 1920x1200 physical, primaryPhysical=1920x1200
sample| [sample] monitor 0: device=\\.\DISPLAY1 primary=True rect=0,0 1920x1200 work=0,0 1920x1128 dpi=144 scale=1.5 hr=0x00000000
sample| [sample] tray monitor: primary monitor device=\\.\DISPLAY1 dpi=144 scale=1.5 - the notification area lives on the primary monitor's taskbar; the popup's own dpi= reading in the menu-open line is the authoritative per-open value.
sample| [sample] preview cancellation mode: off - every click reaches its main handler.
sample| [sample] balloon demonstration: severity=info sound=on realtime=off respectQuietTime=off - a single left click on the icon shows this balloon, and clicking the balloon must print a balloon clicked line; --cancel-preview left suppresses both.
sample| [sample] library trace listener attached to source 'Trustsoft.NotifyIcon', level Verbose.
sample| [sample] tray icon registered, rotating 3 frames every 1s.
sample| [sample] no window is shown - check the notification area, not the taskbar.
sample| [sample] context menu assigned with 2 item(s); a right click on the icon must open it at the icon.
sample| [sample] raw callback trace: hooked 1 HwndSource(s) owned by this thread, watching 0x0400..0x7FFF; the pump counter is armed as the control.
sample| [sample] will shut down by itself after 150s (graceful close check).
sample| [sample] menu self-open requested: the assigned menu will open once after 68s and be closed again 6s later (--open-menu-after). No shell click is injected for this.
sample| [sample] balloon self-show requested: a balloon will be shown once after 55s (--show-balloon-after). No shell click is injected for this.
[probe] t=1s pid=22060 icon=present rect=(1446,1128,1494,1200) gdi=13
[probe] t=2s pid=22060 icon=present rect=(1446,1128,1494,1200) gdi=15
[probe] t=3s pid=22060 icon=present rect=(1446,1128,1494,1200) gdi=17
[probe] t=4s pid=22060 icon=present rect=(1446,1128,1494,1200) gdi=17
[probe] t=5s pid=22060 icon=present rect=(1446,1128,1494,1200) gdi=17
[probe] t=6s pid=22060 icon=present rect=(1446,1128,1494,1200) gdi=17
[probe] t=7s pid=22060 icon=present rect=(1446,1128,1494,1200) gdi=17
[probe] t=8s pid=22060 icon=present rect=(1446,1128,1494,1200) gdi=17
[probe] t=9s pid=22060 icon=present rect=(1446,1128,1494,1200) gdi=17
[probe] t=10s pid=22060 icon=present rect=(1446,1128,1494,1200) gdi=17
[probe] t=11s pid=22060 icon=present rect=(1446,1128,1494,1200) gdi=17
[probe] t=12s pid=22060 icon=present rect=(1446,1128,1494,1200) gdi=17
[probe] t=13s pid=22060 icon=present rect=(1446,1128,1494,1200) gdi=17
[probe] t=14s pid=22060 icon=present rect=(1446,1128,1494,1200) gdi=17
[probe] t=15s pid=22060 icon=absent hr=0x80004005 gdi=17
sample! [sample] TrayError operation=Modify win32Error=-2147467259 retried=True exception=TrayIconException: The notification-area operation 'Modify' failed with Win32 error -2147467259. The call was retried once and failed again, so the notification-area state may now be stale.
[probe] t=16s pid=22060 icon=absent hr=0x80004005 gdi=17
sample! [sample] TrayError operation=Modify win32Error=-2147467259 retried=True exception=TrayIconException: The notification-area operation 'Modify' failed with Win32 error -2147467259. The call was retried once and failed again, so the notification-area state may now be stale.
[probe] t=17s pid=22060 icon=absent hr=0x80004005 gdi=17
sample! [sample] TrayError operation=Modify win32Error=-2147467259 retried=True exception=TrayIconException: The notification-area operation 'Modify' failed with Win32 error -2147467259. The call was retried once and failed again, so the notification-area state may now be stale.
[probe] t=18s pid=22060 icon=absent hr=0x80004005 gdi=17
sample! [sample] TrayError operation=Modify win32Error=-2147467259 retried=True exception=TrayIconException: The notification-area operation 'Modify' failed with Win32 error -2147467259. The call was retried once and failed again, so the notification-area state may now be stale.
[probe] t=19s pid=22060 icon=absent hr=0x80004005 gdi=17
sample! [sample] TrayError operation=Modify win32Error=-2147467259 retried=True exception=TrayIconException: The notification-area operation 'Modify' failed with Win32 error -2147467259. The call was retried once and failed again, so the notification-area state may now be stale.
[probe] t=20s pid=22060 icon=absent hr=0x80004005 gdi=17
sample! [sample] TrayError operation=Modify win32Error=-2147467259 retried=True exception=TrayIconException: The notification-area operation 'Modify' failed with Win32 error -2147467259. The call was retried once and failed again, so the notification-area state may now be stale.
[probe] t=21s pid=22060 icon=absent hr=0x80004005 gdi=17
sample! [sample] TrayError operation=Modify win32Error=-2147467259 retried=True exception=TrayIconException: The notification-area operation 'Modify' failed with Win32 error -2147467259. The call was retried once and failed again, so the notification-area state may now be stale.
[probe] t=22s pid=22060 icon=absent hr=0x80004005 gdi=17
sample! [sample] TrayError operation=Modify win32Error=-2147467259 retried=True exception=TrayIconException: The notification-area operation 'Modify' failed with Win32 error -2147467259. The call was retried once and failed again, so the notification-area state may now be stale.
[probe] t=23s pid=22060 icon=present rect=(0,1128,48,1128) gdi=17
[probe] t=24s pid=22060 icon=present rect=(1446,1128,1494,1200) gdi=17
[probe] t=25s pid=22060 icon=present rect=(1398,1128,1446,1200) gdi=17
[probe] t=26s pid=22060 icon=present rect=(1398,1128,1446,1200) gdi=17
[probe] t=27s pid=22060 icon=present rect=(1398,1128,1446,1200) gdi=17
[probe] t=28s pid=22060 icon=present rect=(1398,1128,1446,1200) gdi=17
[probe] t=29s pid=22060 icon=present rect=(1398,1128,1446,1200) gdi=17
[probe] t=30s pid=22060 icon=present rect=(1398,1128,1446,1200) gdi=17
[probe] t=31s pid=22060 icon=present rect=(1398,1128,1446,1200) gdi=17
[probe] t=33s pid=22060 icon=present rect=(1398,1128,1446,1200) gdi=17
[probe] t=34s pid=22060 icon=present rect=(1398,1128,1446,1200) gdi=17
[probe] t=35s pid=22060 icon=present rect=(1398,1128,1446,1200) gdi=17
[probe] t=36s pid=22060 icon=present rect=(1398,1128,1446,1200) gdi=17
[probe] t=37s pid=22060 icon=present rect=(1398,1128,1446,1200) gdi=17
[probe] t=38s pid=22060 icon=present rect=(1398,1128,1446,1200) gdi=17
[probe] t=39s pid=22060 icon=present rect=(1398,1128,1446,1200) gdi=17
[probe] t=40s pid=22060 icon=present rect=(1398,1128,1446,1200) gdi=17
[probe] t=41s pid=22060 icon=present rect=(1398,1128,1446,1200) gdi=17
[probe] t=42s pid=22060 icon=present rect=(1398,1128,1446,1200) gdi=17
[probe] t=43s pid=22060 icon=present rect=(1398,1128,1446,1200) gdi=17
[probe] t=44s pid=22060 icon=present rect=(1398,1128,1446,1200) gdi=17
[probe] t=45s pid=22060 icon=present rect=(1398,1128,1446,1200) gdi=17
[probe] t=46s pid=22060 icon=present rect=(1398,1128,1446,1200) gdi=17
[probe] t=47s pid=22060 icon=present rect=(1398,1128,1446,1200) gdi=17
[probe] t=48s pid=22060 icon=present rect=(1398,1128,1446,1200) gdi=17
[probe] t=49s pid=22060 icon=present rect=(1398,1128,1446,1200) gdi=17
[probe] t=50s pid=22060 icon=present rect=(1398,1128,1446,1200) gdi=17
[probe] t=51s pid=22060 icon=present rect=(1398,1128,1446,1200) gdi=17
[probe] t=52s pid=22060 icon=present rect=(1398,1128,1446,1200) gdi=17
[probe] t=53s pid=22060 icon=present rect=(1398,1128,1446,1200) gdi=17
[probe] t=54s pid=22060 icon=present rect=(1398,1128,1446,1200) gdi=17
[probe] t=55s pid=22060 icon=present rect=(1398,1128,1446,1200) gdi=17
sample| [sample] --show-balloon-after: showing a balloon now, with no click injected.
sample| [sample] raw callback hwnd=0x3BD06F2 msg=0x0401 event=0x0402 iconId=1 wParam=0x0000000000000000 lParam=0x0000000000010402
[probe] t=56s pid=22060 icon=present rect=(1398,1128,1446,1200) gdi=17
[probe] t=57s pid=22060 icon=present rect=(1398,1128,1446,1200) gdi=17
[probe] t=58s pid=22060 icon=present rect=(1398,1128,1446,1200) gdi=17
[probe] t=59s pid=22060 icon=present rect=(1398,1128,1446,1200) gdi=17
[probe] t=60s pid=22060 icon=present rect=(1398,1128,1446,1200) gdi=17
[probe] t=61s pid=22060 icon=present rect=(1398,1128,1446,1200) gdi=17
[probe] t=62s pid=22060 icon=present rect=(1398,1128,1446,1200) gdi=17
sample| [sample] raw callback hwnd=0x3BD06F2 msg=0x0401 event=0x0404 iconId=1 wParam=0x0000000000000000 lParam=0x0000000000010404
[probe] t=63s pid=22060 icon=present rect=(1398,1128,1446,1200) gdi=17
[probe] t=64s pid=22060 icon=present rect=(1398,1128,1446,1200) gdi=17
[probe] t=65s pid=22060 icon=present rect=(1398,1128,1446,1200) gdi=17
[probe] t=66s pid=22060 icon=present rect=(1398,1128,1446,1200) gdi=17
[probe] t=67s pid=22060 icon=present rect=(1398,1128,1446,1200) gdi=17
[probe] t=68s pid=22060 icon=present rect=(1398,1128,1446,1200) gdi=17
sample| [sample] --open-menu-after: requesting the menu now, with no click injected.
sample| [sample] menu opened: popup=0x5025C class=HwndWrapper[Trustsoft.NotifyIcon.Sample;;003bde76-fbad-42f9-aa42-2c0424c0394a] rect=1398,1045 296x83 dpi=144 scale=1.5 owner=0x0 cursor=1919,0 bottomLeftDip=932,752
[probe] t=69s pid=22060 icon=present rect=(1398,1128,1446,1200) gdi=29
[probe] t=70s pid=22060 icon=present rect=(1398,1128,1446,1200) gdi=29
[probe] t=71s pid=22060 icon=present rect=(1398,1128,1446,1200) gdi=29
[probe] t=72s pid=22060 icon=present rect=(1398,1128,1446,1200) gdi=29
[probe] t=73s pid=22060 icon=present rect=(1398,1128,1446,1200) gdi=29
[probe] t=74s pid=22060 icon=present rect=(1398,1128,1446,1200) gdi=29
sample| [sample] --open-menu-after: closing the menu the sample opened (consumer-driven close, not an outside click).
[probe] t=75s pid=22060 icon=present rect=(1398,1128,1446,1200) gdi=29
sample| [sample] menu dismissed.
[probe] t=76s pid=22060 icon=present rect=(1398,1128,1446,1200) gdi=29
[probe] identity: hwnd=0x3BD06F2 uID=1 title="Trustsoft.NotifyIcon.TrayMessageWindow" (Trustsoft.NotifyIcon.TrayMessageWindow is the expected title)
[probe] observed-present: yes
[probe] sample-alive-at-end: True; exit-code: (running)
[probe] the sample is still running at the end of the observation; killing it so the teardown verdict is about a dead process
[probe] taskkill /f /pid 22060 -> exit 0; SUCCESS: The process with PID 22060 has been terminated.
[probe] icon-after-exit: gone (Shell_NotifyIconGetRect hr=0x80004005 for hwnd=0x3BD06F2 uID=1)
