[probe] probe-live start 2026-09-21 09:27:38; os=Microsoft Windows NT 10.0.26200.0; machine=MINIBOOKX
[probe] sample exe: samples/Trustsoft.NotifyIcon.Sample/bin/Release/net8.0-windows/Trustsoft.NotifyIcon.Sample.exe
[probe] observe: 30s; kill-after: no; sample args: --xaml --run-seconds 22
[probe] launched pid=24020
sample| [sample] process DPI awareness: GetProcessDpiAwareness=0x00000000 value=2 (DPI_AWARENESS_PER_MONITOR_AWARE); threadContextAwareness=2 (DPI_AWARENESS_PER_MONITOR_AWARE) isPerMonitorV2=True.
sample| [sample] display configuration: monitors=1 virtualScreen=0,0 1920x1200 physical, primaryPhysical=1920x1200
sample| [sample] monitor 0: device=\\.\DISPLAY1 primary=True rect=0,0 1920x1200 work=0,0 1920x1128 dpi=144 scale=1.5 hr=0x00000000
sample| [sample] tray monitor: primary monitor device=\\.\DISPLAY1 dpi=144 scale=1.5 - the notification area lives on the primary monitor's taskbar; the popup's own dpi= reading in the menu-open line is the authoritative per-open value.
sample| [sample] preview cancellation mode: off - every click reaches its main handler.
sample| [sample] balloon demonstration: severity=info sound=on realtime=off respectQuietTime=off - a single left click on the icon shows this balloon, and clicking the balloon must print a balloon clicked line; --cancel-preview left suppresses both.
sample| [sample] library trace listener attached to source 'Trustsoft.NotifyIcon', level Verbose.
sample| [sample] declaration mode: XAML - the icon, its menu and its image are declared in Application.Resources and wired by markup; nothing in this file assigns a property or subscribes to an event on the icon.
sample| [sample] tray icon registered from markup (Visible="True" and the image come from Application.Resources; no rotation runs, because nothing in C# may replace a declared value).
sample| [sample] no window is shown - check the notification area, not the taskbar.
sample| [sample] context menu taken from markup with 2 item(s); a right click on the icon must open it at the icon.
sample| [sample] raw callback trace: hooked 1 HwndSource(s) owned by this thread, watching 0x0400..0x7FFF; the pump counter is armed as the control.
sample| [sample] rotation disabled in declaration mode: the markup's image is what the icon shows.
sample| [sample] will shut down by itself after 22s (graceful close check).
[probe] t=1s pid=24020 icon=present rect=(1446,1128,1494,1200) gdi=13
[probe] t=2s pid=24020 icon=present rect=(1446,1128,1494,1200) gdi=13
[probe] t=3s pid=24020 icon=present rect=(1446,1128,1494,1200) gdi=13
[probe] t=4s pid=24020 icon=present rect=(1446,1128,1494,1200) gdi=13
[probe] t=5s pid=24020 icon=present rect=(1446,1128,1494,1200) gdi=13
[probe] t=6s pid=24020 icon=present rect=(1446,1128,1494,1200) gdi=13
[probe] t=7s pid=24020 icon=present rect=(1446,1128,1494,1200) gdi=13
[probe] t=8s pid=24020 icon=present rect=(1446,1128,1494,1200) gdi=13
[probe] t=9s pid=24020 icon=present rect=(1446,1128,1494,1200) gdi=13
[probe] t=10s pid=24020 icon=present rect=(1446,1128,1494,1200) gdi=13
[probe] t=11s pid=24020 icon=present rect=(1446,1128,1494,1200) gdi=13
[probe] click injected: right click at (1470,1164) - the icon's own rectangle, so the shell's callback and the menu it opens are the real ones
[probe] t=12s pid=24020 icon=present rect=(1446,1128,1494,1200) gdi=13
[probe] t=13s pid=24020 icon=present rect=(1446,1128,1494,1200) gdi=13
[probe] t=14s pid=24020 icon=present rect=(1446,1128,1494,1200) gdi=13
[probe] t=15s pid=24020 icon=present rect=(1446,1128,1494,1200) gdi=13
[probe] t=16s pid=24020 icon=present rect=(1446,1128,1494,1200) gdi=13
[probe] t=17s pid=24020 icon=present rect=(1446,1128,1494,1200) gdi=13
[probe] t=18s pid=24020 icon=present rect=(1446,1128,1494,1200) gdi=13
[probe] t=19s pid=24020 icon=present rect=(1446,1128,1494,1200) gdi=13
[probe] t=20s pid=24020 icon=present rect=(1446,1128,1494,1200) gdi=13
[probe] t=22s pid=24020 icon=present rect=(1446,1128,1494,1200) gdi=13
[probe] t=23s pid=24020 icon=present rect=(1446,1128,1494,1200) gdi=13
sample| [sample] tray icon disposed - it must have left the notification area.
sample| [sample] totals: raw callback lines=0, pump-observed private-range messages=0, library trace lines=0, clicks=0, cancelled by a Preview handler=0, balloon show requests=0 (self=0), balloon clicked deliveries=0, balloon preview deliveries=0, menu opens=0, menu dismissals=0.
[probe] sample-exited at t=24s with exit code 0
[probe] identity: hwnd=0x7B016C uID=1 title="(no title)" (Trustsoft.NotifyIcon.TrayMessageWindow is the expected title)
[probe] icons-in-notification-area: 1 (every window x icon-id pair the shell located; a resource whose deferral failed would show up here as a second count)
[probe] observed-present: yes
[probe] sample-alive-at-end: False; exit-code: 0
[probe] icon-after-exit: gone (Shell_NotifyIconGetRect hr=0x80004005 for hwnd=0x7B016C uID=1)
